ajna01
ajna02
ajna03
ajna04
ajna05
ajna06
ajna07
ajna08
amd10
amd6
amd9
andvari01
andvari02
andvari03
andvari04
andvari05
andvari06
andvari07
andvari08
bgate
bgate01
bgate02
boo1
boo10
boo11
boo12
boo12
boo13
boo14
boo15
boo16
boo17
boo2
boo21
boo22
boo23
boo24
boo25
boo3
boo31
boo32
boo33
boo34
boo4
boo5
boo6
boo7
boo8
boo9
cadence-host26
clx-0013
dev-r-vrt-002
dev-r-vrt-010
dev-r-vrt-011
dev-r-vrt-012
dev-r-vrt-013
dev-r-vrt-030
dev-r-vrt-033
dev-r-vrt-035
dev-r-vrt-036
dev-r-vrt-037
dev-r-vrt-038
dev-r-vrt-039
dev-r-vrt-040
dev-r-vrt-041
dev-r-vrt-042
dev-r-vrt-043
dev-r-vrt-044
dev-r-vrt-045
dev-r-vrt-046
dev-r-vrt-047
dev-r-vrt-063
dev-r-vrt-084
dev-r-vrt-085
dev-r-vrt-086
dev-r-vrt-087
dev-r-vrt-088
dev-r-vrt-089
dev-r-vrt-090
dev-r-vrt-091
dev-r-vrt-099
dev-r-vrt-100
dev-r-vrt-101
dev-r-vrt-102
dev-r-vrt-104
dev-r-vrt-105
dev-r-vrt-106
dev-r-vrt-111
dev-r-vrt-112
dev-r-vrt-123
dev-r-vrt-138
dev-r-vrt-139
dev-r-vrt-212
dev-r-vrt-213
dev-r-vrt-96
dragon22
falcon01
falcon02
falcon03
falcon04
hcol3
hcol4
hcol5
hcol6
hcol7
hcol8
hpc-arm-01
hpc-arm-02
hpc-arm-03
hpc-arm-04
hpc-cuda
hpc-esx01
hpc-esx02
hpc-kernel-01
hpc-kernel-02
hpc-kernel-03
hpc-kernel-04
hpc-kernel-05
hpc-kernel-06
hpc-knl-[01-04]
hpc-master
hpc-master-old
hpc-mtr-nfs
hpc-storage01
hpc-test-node
hpc-test-node2
hpc-test-node3
hpc-test-sharp-head
hpc-test-sharp1
hpc-test-sharp2
hpchead
hpchead-old
jenkins01
jenkins03
john 13
mir1
mir10
mir11
mir12
mir14
mir2
mir3
mir4
mir5
mir6
mir7
mir8
mir9
nemo01
nemo02
nemo03
nemo04
nemo05
nemo06
nemo07
nemo08
omsk01
omsk02
pajna
pjupiter
pmellanox
pnemo
pvegas-cx3
r-aa-apollo01
r-aa-apollo02
r-aa-apollo03
r-aa-apollo04
r-aa-bob05
r-aa-bob06
r-aa-bob09
r-aa-bob12
r-aa-bolt3
r-aa-bolt4
r-aa-carbon01
r-aa-carbon02
r-aa-fatty01
r-aa-fatty02
r-aa-fatty03
r-aa-fatty04
r-aa-fatty05
r-aa-fatty05
r-aa-fatty06
r-aa-fatty07
r-aa-fatty08
r-aa-fatty09
r-aa-fatty10
r-aa-fatty11
r-aa-fatty12
r-aa-fatty21
r-aa-fatty22
r-aa-fatty23
r-aa-fatty24
r-aa-fatty25
r-aa-fatty26
r-aa-fatty27
r-aa-fatty28
r-aa-hail10
r-aa-hail11
r-aa-hail12
r-aa-hail13
r-aa-hail14
r-aa-hail15
r-aa-hail16
r-aa-hail17
r-aa-hail4
r-aa-hail5
r-aa-nitro01
r-aa-nitro02
r-aa-nitro03
r-aa-nitro04
r-aa-zorro-m01
r-aa-zorro-m02
r-aa-zorro-ns01
r-aa-zorro-ns02
r-aa-zorro001
r-aa-zorro002
r-aa-zorro003
r-aa-zorro004
r-aa-zorro005
r-aa-zorro006
r-aa-zorro007
r-aa-zorro008
r-aa-zorro009
r-aa-zorro010
r-aa-zorro011
r-aa-zorro012
r-aa-zorro013
r-aa-zorro014
r-aa-zorro015
r-aa-zorro016
r-dcs03
r-freeb03
r-freeb04
r-freeb06
r-freeb07
r-freeb08
r-freeb09
r-freeb53
r-freeb54
r-freeb55
r-freeb56
r-hp01
r-hp02
r-ole10
r-ole11
r-ole14
r-ole15
r-ole16
r-ole17
r-softiron-01
r-softiron-02
r-sw-bolt05
r-sw-bolt06
r-sw-hail22
r-sw-hail23
r-sw-hail24
r-sw-hail25
r-sw-hail26
r-sw-hail27
r-sw-hail28
r-sw-hail29
r-sw-hail30
r-sw-hail31
r-sw-hail32
r-sw-hail33
r-sw-hail34
r-sw-hail35
r-sw-hulk02
r-sw-hulk03
r-sw-hulk04
r-sw-hulk07
r-sw-hulk08
r-sw-hulk09
r-sw-hulk10
r-sw-hulk11
r-sw-hulk12
r-ufm05 anise
r-ufm06 cumin
r-ufm07 noni
r-ufm08 sumac
r-ufm09 seed1
r-ufm09 seed10
r-ufm10 seed2
r-ufm10 seed9
r-ufm100
r-ufm101
r-ufm102
r-ufm103
r-ufm104
r-ufm104 hp dl585
r-ufm105
r-ufm106
r-ufm107
r-ufm108
r-ufm109
r-ufm11 seed3
r-ufm110
r-ufm111
r-ufm112
r-ufm113
r-ufm114
r-ufm115
r-ufm116
r-ufm117
r-ufm118
r-ufm12 seed4
r-ufm126
r-ufm127
r-ufm13 seed5
r-ufm14 seed6
r-ufm142
r-ufm15 seed7
r-ufm156
r-ufm16 seed8
r-ufm17 seed9
r-ufm216
r-ufm217
r-ufm218
r-ufm219
r-ufm23
r-ufm24
r-ufm25
r-ufm26
r-ufm88
r-ufm89
r-ufm90
r-ufm91
r-ufm92
r-ufm93
r-ufm94
r-ufm95
r-ufm96
r-ufm97
r-ufm98
r-ufm99
rain10
rain4
rain5
rain6
rain7
rain8
rain9
rsws01
rsws02
rsws03
rsws04
rsws05
rsws06
rsws07
rsws08
rsws09
rsws10
rsws17
rsws18
rsws19
rsws20
rsws21
rsws22
rsws23
rsws24
rsws25
rsws26
rsws27
rsws28
rsws33
rsws39
rsws40
rsws43
rsws44
rsws45
rsws46
rsws47
rsws48
rsws49
rsws50
sputnik1
sputnik2
sputnik3
sputnik4
sputnik5
sputnik6
sputnik7
sputnik8
ufm-host15
ufm-host16
ufm-host17
ufm-host28
ufm-host59
ufm-host60
ufm-host61
ufm-host62
vegas06
vegas07
vegas08
vegas09
vegas10
vegas11
vegas15
vegas16
vegas17
vegas19
vegas21
vegas25
vegas26
vegas27
vegas28
vegas29
vegas30
vegas31
vegas32
vegas33
vegas34
vegas35
vegas36
